
> sunday-market@0.1.0 build
> next build

  Ôû▓ Next.js 14.2.33
  - Environments: .env.local

   Creating an optimized production build ...
 Ô£ô Compiled successfully
   Linting and checking validity of types ...
node.exe : Failed to 
compile.
At line:1 char:1
+ & "C:\Program 
Files\nodejs/node.exe" 
"C:\Program 
Files\nodejs/node_mo ...
+ ~~~~~~~~~~~~~~~~~~~~~~~~
~~~~~~~~~~~~~~~~~~~~~~~~~~
~~~~~~~~~~~~~~~~~~~
    + CategoryInfo        
      : NotSpe    cified: 
(Failed     to 
compile.:Stri    ng) [], 
RemoteEx    ception
    + FullyQualified    
ErrorId : Native    
CommandError
 

./app/api/reviews/[id]/hel
pful/route.ts:73:14
Type error: No overload 
matches this call.
  Overload 1 of 2, 
'(values: never, 
options?: { count?: 
"exact" | "planned" | 
"estimated" | undefined; 
} | undefined): 
PostgrestFilterBuilder<{ 
PostgrestVersion: "12"; 
}, never, never, null, 
"review_helpful_votes", 
never, "POST">', gave the 
following error.
    Argument of type '{ 
review_id: string; 
user_id: string; }' is 
not assignable to 
parameter of type 'never'.
  Overload 2 of 2, 
'(values: never[], 
options?: { count?: 
"exact" | "planned" | 
"estimated" | undefined; 
defaultToNull?: boolean | 
undefined; } | 
undefined): 
PostgrestFilterBuilder<{ 
PostgrestVersion: "12"; 
}, never, never, null, 
"review_helpful_votes", 
never, "POST">', gave the 
following error.
    Object literal may 
only specify known 
properties, and 
'review_id' does not 
exist in type 'never[]'.

[0m [90m 71 |[39m      
   [36mconst[39m { 
data[33m:[39m 
vote[33m,[39m 
error[33m:[39m 
insertError } [33m=[39m 
[36mawait[39m 
(supabase[0m
[0m [90m 72 |[39m      
       [33m.[39m[36mfro
m[39m([32m'review_helpfu
l_votes'[39m)[0m
[0m[31m[1m>[22m[39m[
90m 73 |[39m             
[33m.[39minsert({[0m
[0m [90m    |[39m      
        
[31m[1m^[22m[39m[0m
[0m [90m 74 |[39m      
           
review_id[33m:[39m 
reviewId[33m,[39m[0m
[0m [90m 75 |[39m      
           
user_id[33m:[39m 
user[33m.[39mid[0m
[0m [90m 76 |[39m      
       }) [36mas[39m 
any)[0m
Next.js build worker 
exited with code: 1 and 
signal: null
